Copyright 1986-2020 Xilinx, Inc. All Rights Reserved.
-----------------------------------------------------------------------------------------
| Tool Version : Vivado v.2020.1 (win64) Build 2902540 Wed May 27 19:54:49 MDT 2020
| Date         : Thu Feb 19 15:29:05 2026
| Host         : CO2041-03 running 64-bit major release  (build 9200)
| Command      : report_control_sets -verbose -file axi_ppm_v1_0_control_sets_placed.rpt
| Design       : axi_ppm_v1_0
| Device       : xc7z020
-----------------------------------------------------------------------------------------

Control Set Information

Table of Contents
-----------------
1. Summary
2. Histogram
3. Flip-Flop Distribution
4. Detailed Control Set Information

1. Summary
----------

+----------------------------------------------------------+-------+
|                          Status                          | Count |
+----------------------------------------------------------+-------+
| Total control sets                                       |    50 |
|    Minimum number of control sets                        |    50 |
|    Addition due to synthesis replication                 |     0 |
|    Addition due to physical synthesis replication        |     0 |
| Unused register locations in slices containing registers |    43 |
+----------------------------------------------------------+-------+
* Control sets can be merged at opt_design using control_set_merge or merge_equivalent_drivers
** Run report_qor_suggestions for automated merging and remapping suggestions


2. Histogram
------------

+--------------------+-------+
|       Fanout       | Count |
+--------------------+-------+
| Total control sets |    50 |
| >= 0 to < 4        |     1 |
| >= 4 to < 6        |     2 |
| >= 6 to < 8        |     1 |
| >= 8 to < 10       |    37 |
| >= 10 to < 12      |     0 |
| >= 12 to < 14      |     1 |
| >= 14 to < 16      |     0 |
| >= 16              |     8 |
+--------------------+-------+
* Control sets can be remapped at either synth_design or opt_design


3. Flip-Flop Distribution
-------------------------

+--------------+-----------------------+------------------------+-----------------+--------------+
| Clock Enable | Synchronous Set/Reset | Asynchronous Set/Reset | Total Registers | Total Slices |
+--------------+-----------------------+------------------------+-----------------+--------------+
| No           | No                    | No                     |               2 |            1 |
| No           | No                    | Yes                    |               0 |            0 |
| No           | Yes                   | No                     |              95 |           32 |
| Yes          | No                    | No                     |               0 |            0 |
| Yes          | No                    | Yes                    |               0 |            0 |
| Yes          | Yes                   | No                     |             692 |          183 |
+--------------+-----------------------+------------------------+-----------------+--------------+


4. Detailed Control Set Information
-----------------------------------

+-------------------------+---------------------------------------------------------------------+----------------------------------------------------+------------------+----------------+--------------+
|       Clock Signal      |                            Enable Signal                            |                  Set/Reset Signal                  | Slice Load Count | Bel Load Count | Bels / Slice |
+-------------------------+---------------------------------------------------------------------+----------------------------------------------------+------------------+----------------+--------------+
|  s00_axi_aclk_IBUF_BUFG |                                                                     |                                                    |                1 |              2 |         2.00 |
|  s00_axi_aclk_IBUF_BUFG | axi_ppm_v1_0_S00_AXI_inst/axi_awready0                              | axi_ppm_v1_0_S00_AXI_inst/clear                    |                1 |              4 |         4.00 |
|  s00_axi_aclk_IBUF_BUFG | axi_ppm_v1_0_S00_AXI_inst/axi_arready0                              | axi_ppm_v1_0_S00_AXI_inst/clear                    |                2 |              4 |         2.00 |
|  s00_axi_aclk_IBUF_BUFG | axi_ppm_v1_0_S00_AXI_inst/s_channel_count_frame_save[5][31]_i_1_n_0 | axi_ppm_v1_0_S00_AXI_inst/capture_state[1]_i_1_n_0 |                4 |              7 |         1.75 |
|  s00_axi_aclk_IBUF_BUFG | axi_ppm_v1_0_S00_AXI_inst/slv_reg5[23]_i_1_n_0                      | axi_ppm_v1_0_S00_AXI_inst/clear                    |                1 |              8 |         8.00 |
|  s00_axi_aclk_IBUF_BUFG | axi_ppm_v1_0_S00_AXI_inst/slv_reg6[15]_i_1_n_0                      | axi_ppm_v1_0_S00_AXI_inst/clear                    |                2 |              8 |         4.00 |
|  s00_axi_aclk_IBUF_BUFG | axi_ppm_v1_0_S00_AXI_inst/slv_reg7[23]_i_1_n_0                      | axi_ppm_v1_0_S00_AXI_inst/clear                    |                2 |              8 |         4.00 |
|  s00_axi_aclk_IBUF_BUFG | axi_ppm_v1_0_S00_AXI_inst/slv_reg0[31]_i_1_n_0                      | axi_ppm_v1_0_S00_AXI_inst/clear                    |                1 |              8 |         8.00 |
|  s00_axi_aclk_IBUF_BUFG | axi_ppm_v1_0_S00_AXI_inst/slv_reg5[7]_i_1_n_0                       | axi_ppm_v1_0_S00_AXI_inst/clear                    |                2 |              8 |         4.00 |
|  s00_axi_aclk_IBUF_BUFG | axi_ppm_v1_0_S00_AXI_inst/slv_reg3[15]_i_1_n_0                      | axi_ppm_v1_0_S00_AXI_inst/clear                    |                1 |              8 |         8.00 |
|  s00_axi_aclk_IBUF_BUFG | axi_ppm_v1_0_S00_AXI_inst/slv_reg7[7]_i_1_n_0                       | axi_ppm_v1_0_S00_AXI_inst/clear                    |                2 |              8 |         4.00 |
|  s00_axi_aclk_IBUF_BUFG | axi_ppm_v1_0_S00_AXI_inst/slv_reg5[15]_i_1_n_0                      | axi_ppm_v1_0_S00_AXI_inst/clear                    |                1 |              8 |         8.00 |
|  s00_axi_aclk_IBUF_BUFG | axi_ppm_v1_0_S00_AXI_inst/slv_reg0[7]_i_1_n_0                       | axi_ppm_v1_0_S00_AXI_inst/clear                    |                2 |              8 |         4.00 |
|  s00_axi_aclk_IBUF_BUFG | axi_ppm_v1_0_S00_AXI_inst/slv_reg4[23]_i_1_n_0                      | axi_ppm_v1_0_S00_AXI_inst/clear                    |                2 |              8 |         4.00 |
|  s00_axi_aclk_IBUF_BUFG | axi_ppm_v1_0_S00_AXI_inst/slv_reg7[15]_i_1_n_0                      | axi_ppm_v1_0_S00_AXI_inst/clear                    |                3 |              8 |         2.67 |
|  s00_axi_aclk_IBUF_BUFG | axi_ppm_v1_0_S00_AXI_inst/slv_reg0[15]_i_1_n_0                      | axi_ppm_v1_0_S00_AXI_inst/clear                    |                2 |              8 |         4.00 |
|  s00_axi_aclk_IBUF_BUFG | axi_ppm_v1_0_S00_AXI_inst/slv_reg0[23]_i_1_n_0                      | axi_ppm_v1_0_S00_AXI_inst/clear                    |                1 |              8 |         8.00 |
|  s00_axi_aclk_IBUF_BUFG | axi_ppm_v1_0_S00_AXI_inst/slv_reg2[15]_i_1_n_0                      | axi_ppm_v1_0_S00_AXI_inst/clear                    |                1 |              8 |         8.00 |
|  s00_axi_aclk_IBUF_BUFG | axi_ppm_v1_0_S00_AXI_inst/slv_reg2[23]_i_1_n_0                      | axi_ppm_v1_0_S00_AXI_inst/clear                    |                1 |              8 |         8.00 |
|  s00_axi_aclk_IBUF_BUFG | axi_ppm_v1_0_S00_AXI_inst/slv_reg3[7]_i_1_n_0                       | axi_ppm_v1_0_S00_AXI_inst/clear                    |                1 |              8 |         8.00 |
|  s00_axi_aclk_IBUF_BUFG | axi_ppm_v1_0_S00_AXI_inst/slv_reg4[15]_i_1_n_0                      | axi_ppm_v1_0_S00_AXI_inst/clear                    |                1 |              8 |         8.00 |
|  s00_axi_aclk_IBUF_BUFG | axi_ppm_v1_0_S00_AXI_inst/slv_reg4[31]_i_1_n_0                      | axi_ppm_v1_0_S00_AXI_inst/clear                    |                2 |              8 |         4.00 |
|  s00_axi_aclk_IBUF_BUFG | axi_ppm_v1_0_S00_AXI_inst/slv_reg6[23]_i_1_n_0                      | axi_ppm_v1_0_S00_AXI_inst/clear                    |                1 |              8 |         8.00 |
|  s00_axi_aclk_IBUF_BUFG | axi_ppm_v1_0_S00_AXI_inst/slv_reg8[15]_i_1_n_0                      | axi_ppm_v1_0_S00_AXI_inst/clear                    |                2 |              8 |         4.00 |
|  s00_axi_aclk_IBUF_BUFG | axi_ppm_v1_0_S00_AXI_inst/slv_reg8[23]_i_1_n_0                      | axi_ppm_v1_0_S00_AXI_inst/clear                    |                1 |              8 |         8.00 |
|  s00_axi_aclk_IBUF_BUFG | axi_ppm_v1_0_S00_AXI_inst/slv_reg6[7]_i_1_n_0                       | axi_ppm_v1_0_S00_AXI_inst/clear                    |                2 |              8 |         4.00 |
|  s00_axi_aclk_IBUF_BUFG | axi_ppm_v1_0_S00_AXI_inst/slv_reg8[7]_i_1_n_0                       | axi_ppm_v1_0_S00_AXI_inst/clear                    |                3 |              8 |         2.67 |
|  s00_axi_aclk_IBUF_BUFG | axi_ppm_v1_0_S00_AXI_inst/slv_reg9[23]_i_1_n_0                      | axi_ppm_v1_0_S00_AXI_inst/clear                    |                2 |              8 |         4.00 |
|  s00_axi_aclk_IBUF_BUFG | axi_ppm_v1_0_S00_AXI_inst/slv_reg9[31]_i_1_n_0                      | axi_ppm_v1_0_S00_AXI_inst/clear                    |                2 |              8 |         4.00 |
|  s00_axi_aclk_IBUF_BUFG | axi_ppm_v1_0_S00_AXI_inst/slv_reg3[23]_i_1_n_0                      | axi_ppm_v1_0_S00_AXI_inst/clear                    |                2 |              8 |         4.00 |
|  s00_axi_aclk_IBUF_BUFG | axi_ppm_v1_0_S00_AXI_inst/slv_reg5[31]_i_1_n_0                      | axi_ppm_v1_0_S00_AXI_inst/clear                    |                1 |              8 |         8.00 |
|  s00_axi_aclk_IBUF_BUFG | axi_ppm_v1_0_S00_AXI_inst/slv_reg6[31]_i_1_n_0                      | axi_ppm_v1_0_S00_AXI_inst/clear                    |                2 |              8 |         4.00 |
|  s00_axi_aclk_IBUF_BUFG | axi_ppm_v1_0_S00_AXI_inst/slv_reg7[31]_i_1_n_0                      | axi_ppm_v1_0_S00_AXI_inst/clear                    |                2 |              8 |         4.00 |
|  s00_axi_aclk_IBUF_BUFG | axi_ppm_v1_0_S00_AXI_inst/slv_reg4[7]_i_1_n_0                       | axi_ppm_v1_0_S00_AXI_inst/clear                    |                2 |              8 |         4.00 |
|  s00_axi_aclk_IBUF_BUFG | axi_ppm_v1_0_S00_AXI_inst/slv_reg8[31]_i_1_n_0                      | axi_ppm_v1_0_S00_AXI_inst/clear                    |                3 |              8 |         2.67 |
|  s00_axi_aclk_IBUF_BUFG | axi_ppm_v1_0_S00_AXI_inst/slv_reg9[7]_i_1_n_0                       | axi_ppm_v1_0_S00_AXI_inst/clear                    |                2 |              8 |         4.00 |
|  s00_axi_aclk_IBUF_BUFG | axi_ppm_v1_0_S00_AXI_inst/slv_reg3[31]_i_1_n_0                      | axi_ppm_v1_0_S00_AXI_inst/clear                    |                6 |              8 |         1.33 |
|  s00_axi_aclk_IBUF_BUFG | axi_ppm_v1_0_S00_AXI_inst/slv_reg9[15]_i_1_n_0                      | axi_ppm_v1_0_S00_AXI_inst/clear                    |                1 |              8 |         8.00 |
|  s00_axi_aclk_IBUF_BUFG | axi_ppm_v1_0_S00_AXI_inst/slv_reg2[31]_i_1_n_0                      | axi_ppm_v1_0_S00_AXI_inst/clear                    |                1 |              8 |         8.00 |
|  s00_axi_aclk_IBUF_BUFG | axi_ppm_v1_0_S00_AXI_inst/slv_reg2[7]_i_1_n_0                       | axi_ppm_v1_0_S00_AXI_inst/clear                    |                1 |              8 |         8.00 |
|  s00_axi_aclk_IBUF_BUFG |                                                                     | axi_ppm_v1_0_S00_AXI_inst/clear                    |                6 |              9 |         1.50 |
|  s00_axi_aclk_IBUF_BUFG | axi_ppm_v1_0_S00_AXI_inst/s_channel_count_frame_save[4][31]_i_1_n_0 | axi_ppm_v1_0_S00_AXI_inst/capture_state[1]_i_1_n_0 |                7 |             13 |         1.86 |
|  s00_axi_aclk_IBUF_BUFG | axi_ppm_v1_0_S00_AXI_inst/s_channel_count_frame_save[2][31]_i_1_n_0 | axi_ppm_v1_0_S00_AXI_inst/capture_state[1]_i_1_n_0 |                3 |             20 |         6.67 |
|  s00_axi_aclk_IBUF_BUFG | axi_ppm_v1_0_S00_AXI_inst/s_channel_count_frame_save[0][31]_i_1_n_0 | axi_ppm_v1_0_S00_AXI_inst/capture_state[1]_i_1_n_0 |                5 |             21 |         4.20 |
|  s00_axi_aclk_IBUF_BUFG | axi_ppm_v1_0_S00_AXI_inst/s_channel_count_frame_save[1][31]_i_1_n_0 | axi_ppm_v1_0_S00_AXI_inst/capture_state[1]_i_1_n_0 |                6 |             21 |         3.50 |
|  s00_axi_aclk_IBUF_BUFG | axi_ppm_v1_0_S00_AXI_inst/s_channel_count_frame_save[3][31]_i_1_n_0 | axi_ppm_v1_0_S00_AXI_inst/capture_state[1]_i_1_n_0 |                7 |             26 |         3.71 |
|  s00_axi_aclk_IBUF_BUFG | axi_ppm_v1_0_S00_AXI_inst/capture_counter[31]_i_1_n_0               | axi_ppm_v1_0_S00_AXI_inst/clear                    |                9 |             32 |         3.56 |
|  s00_axi_aclk_IBUF_BUFG | axi_ppm_v1_0_S00_AXI_inst/slv_reg_rden                              | axi_ppm_v1_0_S00_AXI_inst/clear                    |               32 |             32 |         1.00 |
|  s00_axi_aclk_IBUF_BUFG |                                                                     | axi_ppm_v1_0_S00_AXI_inst/capture_state[1]_i_1_n_0 |               26 |             86 |         3.31 |
|  s00_axi_aclk_IBUF_BUFG | axi_ppm_v1_0_S00_AXI_inst/s_channel_count_registers[5]_12           | axi_ppm_v1_0_S00_AXI_inst/clear                    |               43 |            224 |         5.21 |
+-------------------------+---------------------------------------------------------------------+----------------------------------------------------+------------------+----------------+--------------+


