Copyright 1986-2020 Xilinx, Inc. All Rights Reserved.
------------------------------------------------------------------------------------
| Tool Version : Vivado v.2020.1 (win64) Build 2902540 Wed May 27 19:54:49 MDT 2020
| Date         : Fri Feb 20 10:52:02 2026
| Host         : CO2041-03 running 64-bit major release  (build 9200)
| Command      : upgrade_ip
| Device       : xc7z020clg484-1
------------------------------------------------------------------------------------

Upgrade Log for IP 'MP1BD_axi_ppm_0_1'

1. Summary
----------

SUCCESS in the conversion of MP1BD_axi_ppm_0_1 (iastate.edu:user:axi_ppm:1.0 (Rev. 1)) to Vivado generation flows.






Copyright 1986-2020 Xilinx, Inc. All Rights Reserved.
------------------------------------------------------------------------------------
| Tool Version : Vivado v.2020.1 (win64) Build 2902540 Wed May 27 19:54:49 MDT 2020
| Date         : Fri Feb 20 10:33:45 2026
| Host         : CO2041-03 running 64-bit major release  (build 9200)
| Command      : upgrade_ip
| Device       : xc7z020clg484-1
------------------------------------------------------------------------------------

Upgrade Log for IP 'MP1BD_axi_ppm_0_1'

1. Summary
----------

SUCCESS in the conversion of MP1BD_axi_ppm_0_1 (iastate.edu:user:axi_ppm:1.0 (Rev. 1)) to Vivado generation flows.






Copyright 1986-2020 Xilinx, Inc. All Rights Reserved.
------------------------------------------------------------------------------------
| Tool Version : Vivado v.2020.1 (win64) Build 2902540 Wed May 27 19:54:49 MDT 2020
| Date         : Fri Feb 20 10:30:40 2026
| Host         : CO2041-03 running 64-bit major release  (build 9200)
| Command      : upgrade_ip
| Device       : xc7z020clg484-1
------------------------------------------------------------------------------------

Upgrade Log for IP 'MP1BD_axi_ppm_0_1'

1. Summary
----------

SUCCESS in the conversion of MP1BD_axi_ppm_0_1 (iastate.edu:user:axi_ppm:1.0 (Rev. 1)) to Vivado generation flows.






Copyright 1986-2020 Xilinx, Inc. All Rights Reserved.
------------------------------------------------------------------------------------
| Tool Version : Vivado v.2020.1 (win64) Build 2902540 Wed May 27 19:54:49 MDT 2020
| Date         : Thu Feb 19 15:36:14 2026
| Host         : CO2041-03 running 64-bit major release  (build 9200)
| Command      : upgrade_ip
| Device       : xc7z020clg484-1
------------------------------------------------------------------------------------

Upgrade Log for IP 'MP1BD_axi_ppm_0_1'

1. Summary
----------

SUCCESS in the conversion of MP1BD_axi_ppm_0_1 (iastate.edu:user:axi_ppm:1.0 (Rev. 1)) to Vivado generation flows.






Copyright 1986-2020 Xilinx, Inc. All Rights Reserved.
------------------------------------------------------------------------------------
| Tool Version : Vivado v.2020.1 (win64) Build 2902540 Wed May 27 19:54:49 MDT 2020
| Date         : Thu Feb 19 10:56:42 2026
| Host         : CO2041-03 running 64-bit major release  (build 9200)
| Command      : upgrade_ip
| Device       : xc7z020clg484-1
------------------------------------------------------------------------------------

Upgrade Log for IP 'MP1BD_axi_ppm_0_1'

1. Summary
----------

SUCCESS in the conversion of MP1BD_axi_ppm_0_1 (iastate.edu:user:axi_ppm:1.0 (Rev. 1)) to Vivado generation flows.






Copyright 1986-2020 Xilinx, Inc. All Rights Reserved.
------------------------------------------------------------------------------------
| Tool Version : Vivado v.2020.1 (win64) Build 2902540 Wed May 27 19:54:49 MDT 2020
| Date         : Thu Feb 19 10:36:44 2026
| Host         : CO2041-03 running 64-bit major release  (build 9200)
| Command      : upgrade_ip
| Device       : xc7z020clg484-1
------------------------------------------------------------------------------------

Upgrade Log for IP 'MP1BD_axi_ppm_0_1'

1. Summary
----------

SUCCESS in the conversion of MP1BD_axi_ppm_0_1 (iastate.edu:user:axi_ppm:1.0 (Rev. 1)) to Vivado generation flows.






Copyright 1986-2020 Xilinx, Inc. All Rights Reserved.
------------------------------------------------------------------------------------
| Tool Version : Vivado v.2020.1 (win64) Build 2902540 Wed May 27 19:54:49 MDT 2020
| Date         : Thu Feb 19 10:29:14 2026
| Host         : CO2041-03 running 64-bit major release  (build 9200)
| Command      : upgrade_ip
| Device       : xc7z020clg484-1
------------------------------------------------------------------------------------

Upgrade Log for IP 'MP1BD_axi_ppm_0_1'

1. Summary
----------

SUCCESS in the conversion of MP1BD_axi_ppm_0_1 (iastate.edu:user:axi_ppm:1.0 (Rev. 1)) to Vivado generation flows.






Copyright 1986-2020 Xilinx, Inc. All Rights Reserved.
------------------------------------------------------------------------------------
| Tool Version : Vivado v.2020.1 (win64) Build 2902540 Wed May 27 19:54:49 MDT 2020
| Date         : Thu Feb 19 10:17:24 2026
| Host         : CO2041-03 running 64-bit major release  (build 9200)
| Command      : upgrade_ip
| Device       : xc7z020clg484-1
------------------------------------------------------------------------------------

Upgrade Log for IP 'MP1BD_axi_ppm_0_1'

1. Summary
----------

SUCCESS in the conversion of MP1BD_axi_ppm_0_1 (iastate.edu:user:axi_ppm:1.0 (Rev. 1)) to Vivado generation flows.






Copyright 1986-2020 Xilinx, Inc. All Rights Reserved.
------------------------------------------------------------------------------------
| Tool Version : Vivado v.2020.1 (win64) Build 2902540 Wed May 27 19:54:49 MDT 2020
| Date         : Tue Feb 17 19:06:14 2026
| Host         : CO2041-09 running 64-bit major release  (build 9200)
| Command      : upgrade_ip
| Device       : xc7z020clg484-1
------------------------------------------------------------------------------------

Upgrade Log for IP 'MP1BD_axi_ppm_0_1'

1. Summary
----------

SUCCESS in the conversion of MP1BD_axi_ppm_0_1 (iastate.edu:user:axi_ppm:1.0 (Rev. 1)) to Vivado generation flows.






Copyright 1986-2020 Xilinx, Inc. All Rights Reserved.
------------------------------------------------------------------------------------
| Tool Version : Vivado v.2020.1 (win64) Build 2902540 Wed May 27 19:54:49 MDT 2020
| Date         : Tue Feb 17 18:31:39 2026
| Host         : CO2041-09 running 64-bit major release  (build 9200)
| Command      : upgrade_ip
| Device       : xc7z020clg484-1
------------------------------------------------------------------------------------

Upgrade Log for IP 'MP1BD_axi_ppm_0_1'

1. Summary
----------

SUCCESS in the conversion of MP1BD_axi_ppm_0_1 (iastate.edu:user:axi_ppm:1.0 (Rev. 1)) to Vivado generation flows.

